// Jest Snapshot v1, https://goo.gl/fbAQLP

exports[`<Contacts /> render() should render <Contact /> list when isLoading is false 1`] = `
<div
  className="contacts"
>
  <div>
    <div
      className="contacts__li contacts__li--active"
      onClick={[Function]}
    >
      <div
        className="contacts__li-name"
      >
        Leanne Graham
      </div>
    </div>
    <Contact
      classes="contacts__namecard-panel contacts__namecard-panel--active"
      contact={
        Object {
          "address": Object {
            "city": "Gwenborough",
            "geo": Object {
              "lat": "-37.3159",
              "lng": "81.1496",
            },
            "street": "Kulas Light",
            "suite": "Apt. 556",
            "zipcode": "92998-3874",
          },
          "company": Object {
            "bs": "harness real-time e-markets",
            "catchPhrase": "Multi-layered client-server neural-net",
            "name": "Romaguera-Crona",
          },
          "email": "Sincere@april.biz",
          "id": 1,
          "name": "Leanne Graham",
          "phone": "1-770-736-8031 x56442",
          "username": "Bret",
          "website": "hildegard.org",
        }
      }
    />
  </div>
</div>
`;

exports[`<Contacts /> render() should render <Preloader /> when isLoading is true 1`] = `
<div
  className="container"
>
  <div
    className="row"
  >
    <div
      className="preloader-container"
    >
      <Preloader />
    </div>
  </div>
</div>
`;
